[0.104s] DEBUG:colcon:Command line arguments: ['/usr/bin/colcon', 'build', '--packages-select', 'ros2_rt_eval', 'ros2_rt_eval_dep', '--cmake-clean-cache', '--allow-overriding', 'ros2_rt_eval', 'ros2_rt_eval_dep']
[0.105s] DEBUG:colcon:Parsed command line arguments: Namespace(log_base=None, log_level=None, verb_name='build', build_base='build', install_base='install', merge_install=False, symlink_install=False, test_result_base=None, continue_on_error=False, executor='parallel', parallel_workers=8, event_handlers=None, ignore_user_meta=False, metas=['./colcon.meta'], base_paths=['.'], packages_ignore=None, packages_ignore_regex=None, paths=None, packages_up_to=None, packages_up_to_regex=None, packages_above=None, packages_above_and_dependencies=None, packages_above_depth=None, packages_select_by_dep=None, packages_skip_by_dep=None, packages_skip_up_to=None, packages_select_build_failed=False, packages_skip_build_finished=False, packages_select_test_failures=False, packages_skip_test_passed=False, packages_select=['ros2_rt_eval', 'ros2_rt_eval_dep'], packages_skip=None, packages_select_regex=None, packages_skip_regex=None, packages_start=None, packages_end=None, allow_overriding=['ros2_rt_eval', 'ros2_rt_eval_dep'], cmake_args=None, cmake_target=None, cmake_target_skip_unavailable=False, cmake_clean_cache=True, cmake_clean_first=False, cmake_force_configure=False, ament_cmake_args=None, catkin_cmake_args=None, catkin_skip_building_tests=False, verb_parser=<colcon_defaults.argument_parser.defaults.DefaultArgumentsDecorator object at 0x70615c81d1b0>, verb_extension=<colcon_core.verb.build.BuildVerb object at 0x70615c81c370>, main=<bound method BuildVerb.main of <colcon_core.verb.build.BuildVerb object at 0x70615c81c370>>)
[0.271s] Level 1:colcon.colcon_core.package_discovery:discover_packages(colcon_meta) check parameters
[0.271s] Level 1:colcon.colcon_core.package_discovery:discover_packages(recursive) check parameters
[0.271s] Level 1:colcon.colcon_core.package_discovery:discover_packages(ignore) check parameters
[0.271s] Level 1:colcon.colcon_core.package_discovery:discover_packages(path) check parameters
[0.271s] Level 1:colcon.colcon_core.package_discovery:discover_packages(colcon_meta) discover
[0.271s] Level 1:colcon.colcon_core.package_discovery:discover_packages(recursive) discover
[0.271s] INFO:colcon.colcon_core.package_discovery:Crawling recursively for packages in '/home/robo/enzo_ws/rt_ws/src/ros2_rt_eval'
[0.271s] Level 1:colcon.colcon_core.package_identification:_identify(.) by extensions ['ignore', 'ignore_ament_install']
[0.272s] Level 1:colcon.colcon_core.package_identification:_identify(.) by extension 'ignore'
[0.272s] Level 1:colcon.colcon_core.package_identification:_identify(.) by extension 'ignore_ament_install'
[0.272s] Level 1:colcon.colcon_core.package_identification:_identify(.) by extensions ['colcon_pkg']
[0.272s] Level 1:colcon.colcon_core.package_identification:_identify(.) by extension 'colcon_pkg'
[0.272s] Level 1:colcon.colcon_core.package_identification:_identify(.) by extensions ['colcon_meta']
[0.272s] Level 1:colcon.colcon_core.package_identification:_identify(.) by extension 'colcon_meta'
[0.272s] Level 1:colcon.colcon_core.package_identification:_identify(.) by extensions ['ros']
[0.272s] Level 1:colcon.colcon_core.package_identification:_identify(.) by extension 'ros'
[0.283s] Level 1:colcon.colcon_core.package_identification:_identify(.) by extensions ['cmake', 'python']
[0.283s] Level 1:colcon.colcon_core.package_identification:_identify(.) by extension 'cmake'
[0.283s] Level 1:colcon.colcon_core.package_identification:_identify(.) by extension 'python'
[0.283s] Level 1:colcon.colcon_core.package_identification:_identify(.) by extensions ['python_setup_py']
[0.283s] Level 1:colcon.colcon_core.package_identification:_identify(.) by extension 'python_setup_py'
[0.283s] Level 1:colcon.colcon_core.package_identification:_identify(build) by extensions ['ignore', 'ignore_ament_install']
[0.283s] Level 1:colcon.colcon_core.package_identification:_identify(build) by extension 'ignore'
[0.284s] Level 1:colcon.colcon_core.package_identification:_identify(build) ignored
[0.284s] Level 1:colcon.colcon_core.package_identification:_identify(install) by extensions ['ignore', 'ignore_ament_install']
[0.284s] Level 1:colcon.colcon_core.package_identification:_identify(install) by extension 'ignore'
[0.284s] Level 1:colcon.colcon_core.package_identification:_identify(install) ignored
[0.284s] Level 1:colcon.colcon_core.package_identification:_identify(log) by extensions ['ignore', 'ignore_ament_install']
[0.284s] Level 1:colcon.colcon_core.package_identification:_identify(log) by extension 'ignore'
[0.284s] Level 1:colcon.colcon_core.package_identification:_identify(log) ignored
[0.284s] Level 1:colcon.colcon_core.package_identification:_identify(results) by extensions ['ignore', 'ignore_ament_install']
[0.284s] Level 1:colcon.colcon_core.package_identification:_identify(results) by extension 'ignore'
[0.284s] Level 1:colcon.colcon_core.package_identification:_identify(results) by extension 'ignore_ament_install'
[0.284s] Level 1:colcon.colcon_core.package_identification:_identify(results) by extensions ['colcon_pkg']
[0.284s] Level 1:colcon.colcon_core.package_identification:_identify(results) by extension 'colcon_pkg'
[0.284s] Level 1:colcon.colcon_core.package_identification:_identify(results) by extensions ['colcon_meta']
[0.284s] Level 1:colcon.colcon_core.package_identification:_identify(results) by extension 'colcon_meta'
[0.284s] Level 1:colcon.colcon_core.package_identification:_identify(results) by extensions ['ros']
[0.284s] Level 1:colcon.colcon_core.package_identification:_identify(results) by extension 'ros'
[0.285s] Level 1:colcon.colcon_core.package_identification:_identify(results) by extensions ['cmake', 'python']
[0.285s] Level 1:colcon.colcon_core.package_identification:_identify(results) by extension 'cmake'
[0.285s] Level 1:colcon.colcon_core.package_identification:_identify(results) by extension 'python'
[0.285s] Level 1:colcon.colcon_core.package_identification:_identify(results) by extensions ['python_setup_py']
[0.285s] Level 1:colcon.colcon_core.package_identification:_identify(results) by extension 'python_setup_py'
[0.285s] Level 1:colcon.colcon_core.package_identification:_identify(results/rt_results_multi_5_cli) by extensions ['ignore', 'ignore_ament_install']
[0.285s] Level 1:colcon.colcon_core.package_identification:_identify(results/rt_results_multi_5_cli) by extension 'ignore'
[0.285s] Level 1:colcon.colcon_core.package_identification:_identify(results/rt_results_multi_5_cli) by extension 'ignore_ament_install'
[0.285s] Level 1:colcon.colcon_core.package_identification:_identify(results/rt_results_multi_5_cli) by extensions ['colcon_pkg']
[0.285s] Level 1:colcon.colcon_core.package_identification:_identify(results/rt_results_multi_5_cli) by extension 'colcon_pkg'
[0.285s] Level 1:colcon.colcon_core.package_identification:_identify(results/rt_results_multi_5_cli) by extensions ['colcon_meta']
[0.285s] Level 1:colcon.colcon_core.package_identification:_identify(results/rt_results_multi_5_cli) by extension 'colcon_meta'
[0.285s] Level 1:colcon.colcon_core.package_identification:_identify(results/rt_results_multi_5_cli) by extensions ['ros']
[0.285s] Level 1:colcon.colcon_core.package_identification:_identify(results/rt_results_multi_5_cli) by extension 'ros'
[0.285s] Level 1:colcon.colcon_core.package_identification:_identify(results/rt_results_multi_5_cli) by extensions ['cmake', 'python']
[0.285s] Level 1:colcon.colcon_core.package_identification:_identify(results/rt_results_multi_5_cli) by extension 'cmake'
[0.285s] Level 1:colcon.colcon_core.package_identification:_identify(results/rt_results_multi_5_cli) by extension 'python'
[0.285s] Level 1:colcon.colcon_core.package_identification:_identify(results/rt_results_multi_5_cli) by extensions ['python_setup_py']
[0.285s] Level 1:colcon.colcon_core.package_identification:_identify(results/rt_results_multi_5_cli) by extension 'python_setup_py'
[0.285s] Level 1:colcon.colcon_core.package_identification:_identify(results/rt_results_multi_5_cli/i5) by extensions ['ignore', 'ignore_ament_install']
[0.286s] Level 1:colcon.colcon_core.package_identification:_identify(results/rt_results_multi_5_cli/i5) by extension 'ignore'
[0.286s] Level 1:colcon.colcon_core.package_identification:_identify(results/rt_results_multi_5_cli/i5) by extension 'ignore_ament_install'
[0.286s] Level 1:colcon.colcon_core.package_identification:_identify(results/rt_results_multi_5_cli/i5) by extensions ['colcon_pkg']
[0.286s] Level 1:colcon.colcon_core.package_identification:_identify(results/rt_results_multi_5_cli/i5) by extension 'colcon_pkg'
[0.286s] Level 1:colcon.colcon_core.package_identification:_identify(results/rt_results_multi_5_cli/i5) by extensions ['colcon_meta']
[0.286s] Level 1:colcon.colcon_core.package_identification:_identify(results/rt_results_multi_5_cli/i5) by extension 'colcon_meta'
[0.286s] Level 1:colcon.colcon_core.package_identification:_identify(results/rt_results_multi_5_cli/i5) by extensions ['ros']
[0.286s] Level 1:colcon.colcon_core.package_identification:_identify(results/rt_results_multi_5_cli/i5) by extension 'ros'
[0.286s] Level 1:colcon.colcon_core.package_identification:_identify(results/rt_results_multi_5_cli/i5) by extensions ['cmake', 'python']
[0.286s] Level 1:colcon.colcon_core.package_identification:_identify(results/rt_results_multi_5_cli/i5) by extension 'cmake'
[0.286s] Level 1:colcon.colcon_core.package_identification:_identify(results/rt_results_multi_5_cli/i5) by extension 'python'
[0.286s] Level 1:colcon.colcon_core.package_identification:_identify(results/rt_results_multi_5_cli/i5) by extensions ['python_setup_py']
[0.286s] Level 1:colcon.colcon_core.package_identification:_identify(results/rt_results_multi_5_cli/i5) by extension 'python_setup_py'
[0.286s] Level 1:colcon.colcon_core.package_identification:_identify(results/rt_results_multi_5_srv) by extensions ['ignore', 'ignore_ament_install']
[0.286s] Level 1:colcon.colcon_core.package_identification:_identify(results/rt_results_multi_5_srv) by extension 'ignore'
[0.286s] Level 1:colcon.colcon_core.package_identification:_identify(results/rt_results_multi_5_srv) by extension 'ignore_ament_install'
[0.286s] Level 1:colcon.colcon_core.package_identification:_identify(results/rt_results_multi_5_srv) by extensions ['colcon_pkg']
[0.286s] Level 1:colcon.colcon_core.package_identification:_identify(results/rt_results_multi_5_srv) by extension 'colcon_pkg'
[0.286s] Level 1:colcon.colcon_core.package_identification:_identify(results/rt_results_multi_5_srv) by extensions ['colcon_meta']
[0.286s] Level 1:colcon.colcon_core.package_identification:_identify(results/rt_results_multi_5_srv) by extension 'colcon_meta'
[0.286s] Level 1:colcon.colcon_core.package_identification:_identify(results/rt_results_multi_5_srv) by extensions ['ros']
[0.286s] Level 1:colcon.colcon_core.package_identification:_identify(results/rt_results_multi_5_srv) by extension 'ros'
[0.287s] Level 1:colcon.colcon_core.package_identification:_identify(results/rt_results_multi_5_srv) by extensions ['cmake', 'python']
[0.287s] Level 1:colcon.colcon_core.package_identification:_identify(results/rt_results_multi_5_srv) by extension 'cmake'
[0.287s] Level 1:colcon.colcon_core.package_identification:_identify(results/rt_results_multi_5_srv) by extension 'python'
[0.287s] Level 1:colcon.colcon_core.package_identification:_identify(results/rt_results_multi_5_srv) by extensions ['python_setup_py']
[0.287s] Level 1:colcon.colcon_core.package_identification:_identify(results/rt_results_multi_5_srv) by extension 'python_setup_py'
[0.287s] Level 1:colcon.colcon_core.package_identification:_identify(results/rt_results_multi_5_srv/i5) by extensions ['ignore', 'ignore_ament_install']
[0.287s] Level 1:colcon.colcon_core.package_identification:_identify(results/rt_results_multi_5_srv/i5) by extension 'ignore'
[0.287s] Level 1:colcon.colcon_core.package_identification:_identify(results/rt_results_multi_5_srv/i5) by extension 'ignore_ament_install'
[0.287s] Level 1:colcon.colcon_core.package_identification:_identify(results/rt_results_multi_5_srv/i5) by extensions ['colcon_pkg']
[0.287s] Level 1:colcon.colcon_core.package_identification:_identify(results/rt_results_multi_5_srv/i5) by extension 'colcon_pkg'
[0.287s] Level 1:colcon.colcon_core.package_identification:_identify(results/rt_results_multi_5_srv/i5) by extensions ['colcon_meta']
[0.287s] Level 1:colcon.colcon_core.package_identification:_identify(results/rt_results_multi_5_srv/i5) by extension 'colcon_meta'
[0.287s] Level 1:colcon.colcon_core.package_identification:_identify(results/rt_results_multi_5_srv/i5) by extensions ['ros']
[0.287s] Level 1:colcon.colcon_core.package_identification:_identify(results/rt_results_multi_5_srv/i5) by extension 'ros'
[0.287s] Level 1:colcon.colcon_core.package_identification:_identify(results/rt_results_multi_5_srv/i5) by extensions ['cmake', 'python']
[0.287s] Level 1:colcon.colcon_core.package_identification:_identify(results/rt_results_multi_5_srv/i5) by extension 'cmake'
[0.287s] Level 1:colcon.colcon_core.package_identification:_identify(results/rt_results_multi_5_srv/i5) by extension 'python'
[0.287s] Level 1:colcon.colcon_core.package_identification:_identify(results/rt_results_multi_5_srv/i5) by extensions ['python_setup_py']
[0.287s] Level 1:colcon.colcon_core.package_identification:_identify(results/rt_results_multi_5_srv/i5) by extension 'python_setup_py'
[0.287s] Level 1:colcon.colcon_core.package_identification:_identify(results/rt_results_vec_series) by extensions ['ignore', 'ignore_ament_install']
[0.288s] Level 1:colcon.colcon_core.package_identification:_identify(results/rt_results_vec_series) by extension 'ignore'
[0.288s] Level 1:colcon.colcon_core.package_identification:_identify(results/rt_results_vec_series) by extension 'ignore_ament_install'
[0.288s] Level 1:colcon.colcon_core.package_identification:_identify(results/rt_results_vec_series) by extensions ['colcon_pkg']
[0.288s] Level 1:colcon.colcon_core.package_identification:_identify(results/rt_results_vec_series) by extension 'colcon_pkg'
[0.288s] Level 1:colcon.colcon_core.package_identification:_identify(results/rt_results_vec_series) by extensions ['colcon_meta']
[0.288s] Level 1:colcon.colcon_core.package_identification:_identify(results/rt_results_vec_series) by extension 'colcon_meta'
[0.288s] Level 1:colcon.colcon_core.package_identification:_identify(results/rt_results_vec_series) by extensions ['ros']
[0.288s] Level 1:colcon.colcon_core.package_identification:_identify(results/rt_results_vec_series) by extension 'ros'
[0.288s] Level 1:colcon.colcon_core.package_identification:_identify(results/rt_results_vec_series) by extensions ['cmake', 'python']
[0.288s] Level 1:colcon.colcon_core.package_identification:_identify(results/rt_results_vec_series) by extension 'cmake'
[0.288s] Level 1:colcon.colcon_core.package_identification:_identify(results/rt_results_vec_series) by extension 'python'
[0.288s] Level 1:colcon.colcon_core.package_identification:_identify(results/rt_results_vec_series) by extensions ['python_setup_py']
[0.288s] Level 1:colcon.colcon_core.package_identification:_identify(results/rt_results_vec_series) by extension 'python_setup_py'
[0.288s] Level 1:colcon.colcon_core.package_identification:_identify(results/test) by extensions ['ignore', 'ignore_ament_install']
[0.288s] Level 1:colcon.colcon_core.package_identification:_identify(results/test) by extension 'ignore'
[0.288s] Level 1:colcon.colcon_core.package_identification:_identify(results/test) by extension 'ignore_ament_install'
[0.288s] Level 1:colcon.colcon_core.package_identification:_identify(results/test) by extensions ['colcon_pkg']
[0.288s] Level 1:colcon.colcon_core.package_identification:_identify(results/test) by extension 'colcon_pkg'
[0.288s] Level 1:colcon.colcon_core.package_identification:_identify(results/test) by extensions ['colcon_meta']
[0.288s] Level 1:colcon.colcon_core.package_identification:_identify(results/test) by extension 'colcon_meta'
[0.289s] Level 1:colcon.colcon_core.package_identification:_identify(results/test) by extensions ['ros']
[0.289s] Level 1:colcon.colcon_core.package_identification:_identify(results/test) by extension 'ros'
[0.289s] Level 1:colcon.colcon_core.package_identification:_identify(results/test) by extensions ['cmake', 'python']
[0.289s] Level 1:colcon.colcon_core.package_identification:_identify(results/test) by extension 'cmake'
[0.289s] Level 1:colcon.colcon_core.package_identification:_identify(results/test) by extension 'python'
[0.289s] Level 1:colcon.colcon_core.package_identification:_identify(results/test) by extensions ['python_setup_py']
[0.289s] Level 1:colcon.colcon_core.package_identification:_identify(results/test) by extension 'python_setup_py'
[0.289s] Level 1:colcon.colcon_core.package_identification:_identify(results/test/rt_results_multi_5_srv) by extensions ['ignore', 'ignore_ament_install']
[0.289s] Level 1:colcon.colcon_core.package_identification:_identify(results/test/rt_results_multi_5_srv) by extension 'ignore'
[0.289s] Level 1:colcon.colcon_core.package_identification:_identify(results/test/rt_results_multi_5_srv) by extension 'ignore_ament_install'
[0.289s] Level 1:colcon.colcon_core.package_identification:_identify(results/test/rt_results_multi_5_srv) by extensions ['colcon_pkg']
[0.289s] Level 1:colcon.colcon_core.package_identification:_identify(results/test/rt_results_multi_5_srv) by extension 'colcon_pkg'
[0.289s] Level 1:colcon.colcon_core.package_identification:_identify(results/test/rt_results_multi_5_srv) by extensions ['colcon_meta']
[0.289s] Level 1:colcon.colcon_core.package_identification:_identify(results/test/rt_results_multi_5_srv) by extension 'colcon_meta'
[0.289s] Level 1:colcon.colcon_core.package_identification:_identify(results/test/rt_results_multi_5_srv) by extensions ['ros']
[0.289s] Level 1:colcon.colcon_core.package_identification:_identify(results/test/rt_results_multi_5_srv) by extension 'ros'
[0.289s] Level 1:colcon.colcon_core.package_identification:_identify(results/test/rt_results_multi_5_srv) by extensions ['cmake', 'python']
[0.289s] Level 1:colcon.colcon_core.package_identification:_identify(results/test/rt_results_multi_5_srv) by extension 'cmake'
[0.289s] Level 1:colcon.colcon_core.package_identification:_identify(results/test/rt_results_multi_5_srv) by extension 'python'
[0.289s] Level 1:colcon.colcon_core.package_identification:_identify(results/test/rt_results_multi_5_srv) by extensions ['python_setup_py']
[0.289s] Level 1:colcon.colcon_core.package_identification:_identify(results/test/rt_results_multi_5_srv) by extension 'python_setup_py'
[0.290s] Level 1:colcon.colcon_core.package_identification:_identify(results/test/rt_results_multi_5_srv/i5) by extensions ['ignore', 'ignore_ament_install']
[0.290s] Level 1:colcon.colcon_core.package_identification:_identify(results/test/rt_results_multi_5_srv/i5) by extension 'ignore'
[0.290s] Level 1:colcon.colcon_core.package_identification:_identify(results/test/rt_results_multi_5_srv/i5) by extension 'ignore_ament_install'
[0.290s] Level 1:colcon.colcon_core.package_identification:_identify(results/test/rt_results_multi_5_srv/i5) by extensions ['colcon_pkg']
[0.290s] Level 1:colcon.colcon_core.package_identification:_identify(results/test/rt_results_multi_5_srv/i5) by extension 'colcon_pkg'
[0.290s] Level 1:colcon.colcon_core.package_identification:_identify(results/test/rt_results_multi_5_srv/i5) by extensions ['colcon_meta']
[0.290s] Level 1:colcon.colcon_core.package_identification:_identify(results/test/rt_results_multi_5_srv/i5) by extension 'colcon_meta'
[0.290s] Level 1:colcon.colcon_core.package_identification:_identify(results/test/rt_results_multi_5_srv/i5) by extensions ['ros']
[0.290s] Level 1:colcon.colcon_core.package_identification:_identify(results/test/rt_results_multi_5_srv/i5) by extension 'ros'
[0.290s] Level 1:colcon.colcon_core.package_identification:_identify(results/test/rt_results_multi_5_srv/i5) by extensions ['cmake', 'python']
[0.290s] Level 1:colcon.colcon_core.package_identification:_identify(results/test/rt_results_multi_5_srv/i5) by extension 'cmake'
[0.290s] Level 1:colcon.colcon_core.package_identification:_identify(results/test/rt_results_multi_5_srv/i5) by extension 'python'
[0.290s] Level 1:colcon.colcon_core.package_identification:_identify(results/test/rt_results_multi_5_srv/i5) by extensions ['python_setup_py']
[0.290s] Level 1:colcon.colcon_core.package_identification:_identify(results/test/rt_results_multi_5_srv/i5) by extension 'python_setup_py'
[0.290s] Level 1:colcon.colcon_core.package_identification:_identify(results/test2) by extensions ['ignore', 'ignore_ament_install']
[0.290s] Level 1:colcon.colcon_core.package_identification:_identify(results/test2) by extension 'ignore'
[0.291s] Level 1:colcon.colcon_core.package_identification:_identify(results/test2) by extension 'ignore_ament_install'
[0.291s] Level 1:colcon.colcon_core.package_identification:_identify(results/test2) by extensions ['colcon_pkg']
[0.291s] Level 1:colcon.colcon_core.package_identification:_identify(results/test2) by extension 'colcon_pkg'
[0.291s] Level 1:colcon.colcon_core.package_identification:_identify(results/test2) by extensions ['colcon_meta']
[0.291s] Level 1:colcon.colcon_core.package_identification:_identify(results/test2) by extension 'colcon_meta'
[0.291s] Level 1:colcon.colcon_core.package_identification:_identify(results/test2) by extensions ['ros']
[0.291s] Level 1:colcon.colcon_core.package_identification:_identify(results/test2) by extension 'ros'
[0.291s] Level 1:colcon.colcon_core.package_identification:_identify(results/test2) by extensions ['cmake', 'python']
[0.291s] Level 1:colcon.colcon_core.package_identification:_identify(results/test2) by extension 'cmake'
[0.291s] Level 1:colcon.colcon_core.package_identification:_identify(results/test2) by extension 'python'
[0.291s] Level 1:colcon.colcon_core.package_identification:_identify(results/test2) by extensions ['python_setup_py']
[0.291s] Level 1:colcon.colcon_core.package_identification:_identify(results/test2) by extension 'python_setup_py'
[0.291s] Level 1:colcon.colcon_core.package_identification:_identify(results/test2/rt_results_multi_5_srv) by extensions ['ignore', 'ignore_ament_install']
[0.291s] Level 1:colcon.colcon_core.package_identification:_identify(results/test2/rt_results_multi_5_srv) by extension 'ignore'
[0.291s] Level 1:colcon.colcon_core.package_identification:_identify(results/test2/rt_results_multi_5_srv) by extension 'ignore_ament_install'
[0.291s] Level 1:colcon.colcon_core.package_identification:_identify(results/test2/rt_results_multi_5_srv) by extensions ['colcon_pkg']
[0.291s] Level 1:colcon.colcon_core.package_identification:_identify(results/test2/rt_results_multi_5_srv) by extension 'colcon_pkg'
[0.291s] Level 1:colcon.colcon_core.package_identification:_identify(results/test2/rt_results_multi_5_srv) by extensions ['colcon_meta']
[0.291s] Level 1:colcon.colcon_core.package_identification:_identify(results/test2/rt_results_multi_5_srv) by extension 'colcon_meta'
[0.291s] Level 1:colcon.colcon_core.package_identification:_identify(results/test2/rt_results_multi_5_srv) by extensions ['ros']
[0.291s] Level 1:colcon.colcon_core.package_identification:_identify(results/test2/rt_results_multi_5_srv) by extension 'ros'
[0.292s] Level 1:colcon.colcon_core.package_identification:_identify(results/test2/rt_results_multi_5_srv) by extensions ['cmake', 'python']
[0.292s] Level 1:colcon.colcon_core.package_identification:_identify(results/test2/rt_results_multi_5_srv) by extension 'cmake'
[0.292s] Level 1:colcon.colcon_core.package_identification:_identify(results/test2/rt_results_multi_5_srv) by extension 'python'
[0.292s] Level 1:colcon.colcon_core.package_identification:_identify(results/test2/rt_results_multi_5_srv) by extensions ['python_setup_py']
[0.292s] Level 1:colcon.colcon_core.package_identification:_identify(results/test2/rt_results_multi_5_srv) by extension 'python_setup_py'
[0.292s] Level 1:colcon.colcon_core.package_identification:_identify(results/test2/rt_results_multi_5_srv/i5) by extensions ['ignore', 'ignore_ament_install']
[0.292s] Level 1:colcon.colcon_core.package_identification:_identify(results/test2/rt_results_multi_5_srv/i5) by extension 'ignore'
[0.292s] Level 1:colcon.colcon_core.package_identification:_identify(results/test2/rt_results_multi_5_srv/i5) by extension 'ignore_ament_install'
[0.292s] Level 1:colcon.colcon_core.package_identification:_identify(results/test2/rt_results_multi_5_srv/i5) by extensions ['colcon_pkg']
[0.292s] Level 1:colcon.colcon_core.package_identification:_identify(results/test2/rt_results_multi_5_srv/i5) by extension 'colcon_pkg'
[0.292s] Level 1:colcon.colcon_core.package_identification:_identify(results/test2/rt_results_multi_5_srv/i5) by extensions ['colcon_meta']
[0.292s] Level 1:colcon.colcon_core.package_identification:_identify(results/test2/rt_results_multi_5_srv/i5) by extension 'colcon_meta'
[0.292s] Level 1:colcon.colcon_core.package_identification:_identify(results/test2/rt_results_multi_5_srv/i5) by extensions ['ros']
[0.292s] Level 1:colcon.colcon_core.package_identification:_identify(results/test2/rt_results_multi_5_srv/i5) by extension 'ros'
[0.292s] Level 1:colcon.colcon_core.package_identification:_identify(results/test2/rt_results_multi_5_srv/i5) by extensions ['cmake', 'python']
[0.292s] Level 1:colcon.colcon_core.package_identification:_identify(results/test2/rt_results_multi_5_srv/i5) by extension 'cmake'
[0.292s] Level 1:colcon.colcon_core.package_identification:_identify(results/test2/rt_results_multi_5_srv/i5) by extension 'python'
[0.292s] Level 1:colcon.colcon_core.package_identification:_identify(results/test2/rt_results_multi_5_srv/i5) by extensions ['python_setup_py']
[0.292s] Level 1:colcon.colcon_core.package_identification:_identify(results/test2/rt_results_multi_5_srv/i5) by extension 'python_setup_py'
[0.292s] Level 1:colcon.colcon_core.package_identification:_identify(ros2_rt_eval) by extensions ['ignore', 'ignore_ament_install']
[0.293s] Level 1:colcon.colcon_core.package_identification:_identify(ros2_rt_eval) by extension 'ignore'
[0.293s] Level 1:colcon.colcon_core.package_identification:_identify(ros2_rt_eval) by extension 'ignore_ament_install'
[0.293s] Level 1:colcon.colcon_core.package_identification:_identify(ros2_rt_eval) by extensions ['colcon_pkg']
[0.293s] Level 1:colcon.colcon_core.package_identification:_identify(ros2_rt_eval) by extension 'colcon_pkg'
[0.293s] Level 1:colcon.colcon_core.package_identification:_identify(ros2_rt_eval) by extensions ['colcon_meta']
[0.293s] Level 1:colcon.colcon_core.package_identification:_identify(ros2_rt_eval) by extension 'colcon_meta'
[0.293s] Level 1:colcon.colcon_core.package_identification:_identify(ros2_rt_eval) by extensions ['ros']
[0.293s] Level 1:colcon.colcon_core.package_identification:_identify(ros2_rt_eval) by extension 'ros'
[0.295s] DEBUG:colcon.colcon_core.package_identification:Package 'ros2_rt_eval' with type 'ros.ament_cmake' and name 'ros2_rt_eval'
[0.295s] Level 1:colcon.colcon_core.package_identification:_identify(ros2_rt_eval_dep) by extensions ['ignore', 'ignore_ament_install']
[0.295s] Level 1:colcon.colcon_core.package_identification:_identify(ros2_rt_eval_dep) by extension 'ignore'
[0.295s] Level 1:colcon.colcon_core.package_identification:_identify(ros2_rt_eval_dep) by extension 'ignore_ament_install'
[0.295s] Level 1:colcon.colcon_core.package_identification:_identify(ros2_rt_eval_dep) by extensions ['colcon_pkg']
[0.295s] Level 1:colcon.colcon_core.package_identification:_identify(ros2_rt_eval_dep) by extension 'colcon_pkg'
[0.296s] Level 1:colcon.colcon_core.package_identification:_identify(ros2_rt_eval_dep) by extensions ['colcon_meta']
[0.296s] Level 1:colcon.colcon_core.package_identification:_identify(ros2_rt_eval_dep) by extension 'colcon_meta'
[0.296s] Level 1:colcon.colcon_core.package_identification:_identify(ros2_rt_eval_dep) by extensions ['ros']
[0.296s] Level 1:colcon.colcon_core.package_identification:_identify(ros2_rt_eval_dep) by extension 'ros'
[0.296s] DEBUG:colcon.colcon_core.package_identification:Package 'ros2_rt_eval_dep' with type 'ros.ament_cmake' and name 'ros2_rt_eval_dep'
[0.296s] Level 1:colcon.colcon_core.package_discovery:discover_packages(recursive) using defaults
[0.296s] Level 1:colcon.colcon_core.package_discovery:discover_packages(ignore) discover
[0.296s] Level 1:colcon.colcon_core.package_discovery:discover_packages(ignore) using defaults
[0.296s] Level 1:colcon.colcon_core.package_discovery:discover_packages(path) discover
[0.296s] Level 1:colcon.colcon_core.package_discovery:discover_packages(path) using defaults
[0.315s] Level 1:colcon.colcon_core.package_discovery:discover_packages(prefix_path) check parameters
[0.315s] Level 1:colcon.colcon_core.package_discovery:discover_packages(prefix_path) discover
[0.317s] DEBUG:colcon.colcon_installed_package_information.package_discovery:Found 2 installed packages in /home/robo/enzo_ws/rt_ws/install
[0.318s] DEBUG:colcon.colcon_installed_package_information.package_discovery:Found 385 installed packages in /opt/ros/humble
[0.330s] Level 1:colcon.colcon_core.package_discovery:discover_packages(prefix_path) using defaults
[0.377s] Level 5:colcon.colcon_core.verb:set package 'ros2_rt_eval_dep' build argument 'cmake_args' from command line to 'None'
[0.377s] Level 5:colcon.colcon_core.verb:set package 'ros2_rt_eval_dep' build argument 'cmake_target' from command line to 'None'
[0.377s] Level 5:colcon.colcon_core.verb:set package 'ros2_rt_eval_dep' build argument 'cmake_target_skip_unavailable' from command line to 'False'
[0.377s] Level 5:colcon.colcon_core.verb:set package 'ros2_rt_eval_dep' build argument 'cmake_clean_cache' from command line to 'True'
[0.377s] Level 5:colcon.colcon_core.verb:set package 'ros2_rt_eval_dep' build argument 'cmake_clean_first' from command line to 'False'
[0.377s] Level 5:colcon.colcon_core.verb:set package 'ros2_rt_eval_dep' build argument 'cmake_force_configure' from command line to 'False'
[0.377s] Level 5:colcon.colcon_core.verb:set package 'ros2_rt_eval_dep' build argument 'ament_cmake_args' from command line to 'None'
[0.377s] Level 5:colcon.colcon_core.verb:set package 'ros2_rt_eval_dep' build argument 'catkin_cmake_args' from command line to 'None'
[0.377s] Level 5:colcon.colcon_core.verb:set package 'ros2_rt_eval_dep' build argument 'catkin_skip_building_tests' from command line to 'False'
[0.377s] DEBUG:colcon.colcon_core.verb:Building package 'ros2_rt_eval_dep' with the following arguments: {'ament_cmake_args': None, 'build_base': '/home/robo/enzo_ws/rt_ws/src/ros2_rt_eval/build/ros2_rt_eval_dep', 'catkin_cmake_args': None, 'catkin_skip_building_tests': False, 'cmake_args': None, 'cmake_clean_cache': True, 'cmake_clean_first': False, 'cmake_force_configure': False, 'cmake_target': None, 'cmake_target_skip_unavailable': False, 'install_base': '/home/robo/enzo_ws/rt_ws/src/ros2_rt_eval/install/ros2_rt_eval_dep', 'merge_install': False, 'path': '/home/robo/enzo_ws/rt_ws/src/ros2_rt_eval/ros2_rt_eval_dep', 'symlink_install': False, 'test_result_base': None}
[0.377s] Level 5:colcon.colcon_core.verb:set package 'ros2_rt_eval' build argument 'cmake_args' from command line to 'None'
[0.377s] Level 5:colcon.colcon_core.verb:set package 'ros2_rt_eval' build argument 'cmake_target' from command line to 'None'
[0.377s] Level 5:colcon.colcon_core.verb:set package 'ros2_rt_eval' build argument 'cmake_target_skip_unavailable' from command line to 'False'
[0.377s] Level 5:colcon.colcon_core.verb:set package 'ros2_rt_eval' build argument 'cmake_clean_cache' from command line to 'True'
[0.377s] Level 5:colcon.colcon_core.verb:set package 'ros2_rt_eval' build argument 'cmake_clean_first' from command line to 'False'
[0.377s] Level 5:colcon.colcon_core.verb:set package 'ros2_rt_eval' build argument 'cmake_force_configure' from command line to 'False'
[0.377s] Level 5:colcon.colcon_core.verb:set package 'ros2_rt_eval' build argument 'ament_cmake_args' from command line to 'None'
[0.377s] Level 5:colcon.colcon_core.verb:set package 'ros2_rt_eval' build argument 'catkin_cmake_args' from command line to 'None'
[0.377s] Level 5:colcon.colcon_core.verb:set package 'ros2_rt_eval' build argument 'catkin_skip_building_tests' from command line to 'False'
[0.377s] DEBUG:colcon.colcon_core.verb:Building package 'ros2_rt_eval' with the following arguments: {'ament_cmake_args': None, 'build_base': '/home/robo/enzo_ws/rt_ws/src/ros2_rt_eval/build/ros2_rt_eval', 'catkin_cmake_args': None, 'catkin_skip_building_tests': False, 'cmake_args': None, 'cmake_clean_cache': True, 'cmake_clean_first': False, 'cmake_force_configure': False, 'cmake_target': None, 'cmake_target_skip_unavailable': False, 'install_base': '/home/robo/enzo_ws/rt_ws/src/ros2_rt_eval/install/ros2_rt_eval', 'merge_install': False, 'path': '/home/robo/enzo_ws/rt_ws/src/ros2_rt_eval/ros2_rt_eval', 'symlink_install': False, 'test_result_base': None}
[0.378s] INFO:colcon.colcon_core.executor:Executing jobs using 'parallel' executor
[0.378s] DEBUG:colcon.colcon_parallel_executor.executor.parallel:run_until_complete
[0.379s] INFO:colcon.colcon_ros.task.ament_cmake.build:Building ROS package in '/home/robo/enzo_ws/rt_ws/src/ros2_rt_eval/ros2_rt_eval_dep' with build type 'ament_cmake'
[0.379s] INFO:colcon.colcon_cmake.task.cmake.build:Building CMake package in '/home/robo/enzo_ws/rt_ws/src/ros2_rt_eval/ros2_rt_eval_dep'
[0.381s] INFO:colcon.colcon_core.plugin_system:Skipping extension 'colcon_core.shell.bat': Not used on non-Windows systems
[0.381s] INFO:colcon.colcon_core.shell:Skip shell extension 'powershell' for command environment: Not usable outside of PowerShell
[0.381s] DEBUG:colcon.colcon_core.shell:Skip shell extension 'dsv' for command environment
[0.387s] DEBUG:colcon.colcon_core.event_handler.log_command:Invoking command in '/home/robo/enzo_ws/rt_ws/src/ros2_rt_eval/build/ros2_rt_eval_dep': CMAKE_PREFIX_PATH=${CMAKE_PREFIX_PATH}:/opt/ros/humble /usr/bin/cmake /home/robo/enzo_ws/rt_ws/src/ros2_rt_eval/ros2_rt_eval_dep -DCMAKE_INSTALL_PREFIX=/home/robo/enzo_ws/rt_ws/src/ros2_rt_eval/install/ros2_rt_eval_dep
[1.794s] DEBUG:colcon.colcon_core.event_handler.log_command:Invoked command in '/home/robo/enzo_ws/rt_ws/src/ros2_rt_eval/build/ros2_rt_eval_dep' returned '0': CMAKE_PREFIX_PATH=${CMAKE_PREFIX_PATH}:/opt/ros/humble /usr/bin/cmake /home/robo/enzo_ws/rt_ws/src/ros2_rt_eval/ros2_rt_eval_dep -DCMAKE_INSTALL_PREFIX=/home/robo/enzo_ws/rt_ws/src/ros2_rt_eval/install/ros2_rt_eval_dep
[1.796s] DEBUG:colcon.colcon_core.event_handler.log_command:Invoking command in '/home/robo/enzo_ws/rt_ws/src/ros2_rt_eval/build/ros2_rt_eval_dep': CMAKE_PREFIX_PATH=${CMAKE_PREFIX_PATH}:/opt/ros/humble /usr/bin/cmake --build /home/robo/enzo_ws/rt_ws/src/ros2_rt_eval/build/ros2_rt_eval_dep -- -j8 -l8
[6.531s] DEBUG:colcon.colcon_core.event_handler.log_command:Invoked command in '/home/robo/enzo_ws/rt_ws/src/ros2_rt_eval/build/ros2_rt_eval_dep' returned '0': CMAKE_PREFIX_PATH=${CMAKE_PREFIX_PATH}:/opt/ros/humble /usr/bin/cmake --build /home/robo/enzo_ws/rt_ws/src/ros2_rt_eval/build/ros2_rt_eval_dep -- -j8 -l8
[6.595s] DEBUG:colcon.colcon_core.event_handler.log_command:Invoking command in '/home/robo/enzo_ws/rt_ws/src/ros2_rt_eval/build/ros2_rt_eval_dep': CMAKE_PREFIX_PATH=${CMAKE_PREFIX_PATH}:/opt/ros/humble /usr/bin/cmake --install /home/robo/enzo_ws/rt_ws/src/ros2_rt_eval/build/ros2_rt_eval_dep
[6.668s] Level 1:colcon.colcon_core.environment:create_environment_scripts_only(ros2_rt_eval_dep)
[6.669s] DEBUG:colcon.colcon_core.event_handler.log_command:Invoked command in '/home/robo/enzo_ws/rt_ws/src/ros2_rt_eval/build/ros2_rt_eval_dep' returned '0': CMAKE_PREFIX_PATH=${CMAKE_PREFIX_PATH}:/opt/ros/humble /usr/bin/cmake --install /home/robo/enzo_ws/rt_ws/src/ros2_rt_eval/build/ros2_rt_eval_dep
[6.671s] Level 1:colcon.colcon_core.environment:checking '/home/robo/enzo_ws/rt_ws/src/ros2_rt_eval/install/ros2_rt_eval_dep' for CMake module files
[6.671s] Level 1:colcon.colcon_core.environment:checking '/home/robo/enzo_ws/rt_ws/src/ros2_rt_eval/install/ros2_rt_eval_dep' for CMake config files
[6.672s] Level 1:colcon.colcon_core.shell:create_environment_hook('ros2_rt_eval_dep', 'cmake_prefix_path')
[6.672s] INFO:colcon.colcon_core.shell:Creating environment hook '/home/robo/enzo_ws/rt_ws/src/ros2_rt_eval/install/ros2_rt_eval_dep/share/ros2_rt_eval_dep/hook/cmake_prefix_path.ps1'
[6.672s] INFO:colcon.colcon_core.shell:Creating environment descriptor '/home/robo/enzo_ws/rt_ws/src/ros2_rt_eval/install/ros2_rt_eval_dep/share/ros2_rt_eval_dep/hook/cmake_prefix_path.dsv'
[6.673s] INFO:colcon.colcon_core.shell:Creating environment hook '/home/robo/enzo_ws/rt_ws/src/ros2_rt_eval/install/ros2_rt_eval_dep/share/ros2_rt_eval_dep/hook/cmake_prefix_path.sh'
[6.673s] Level 1:colcon.colcon_core.environment:checking '/home/robo/enzo_ws/rt_ws/src/ros2_rt_eval/install/ros2_rt_eval_dep/lib'
[6.673s] Level 1:colcon.colcon_core.shell:create_environment_hook('ros2_rt_eval_dep', 'ld_library_path_lib')
[6.674s] INFO:colcon.colcon_core.shell:Creating environment hook '/home/robo/enzo_ws/rt_ws/src/ros2_rt_eval/install/ros2_rt_eval_dep/share/ros2_rt_eval_dep/hook/ld_library_path_lib.ps1'
[6.674s] INFO:colcon.colcon_core.shell:Creating environment descriptor '/home/robo/enzo_ws/rt_ws/src/ros2_rt_eval/install/ros2_rt_eval_dep/share/ros2_rt_eval_dep/hook/ld_library_path_lib.dsv'
[6.674s] INFO:colcon.colcon_core.shell:Creating environment hook '/home/robo/enzo_ws/rt_ws/src/ros2_rt_eval/install/ros2_rt_eval_dep/share/ros2_rt_eval_dep/hook/ld_library_path_lib.sh'
[6.674s] Level 1:colcon.colcon_core.environment:checking '/home/robo/enzo_ws/rt_ws/src/ros2_rt_eval/install/ros2_rt_eval_dep/bin'
[6.674s] Level 1:colcon.colcon_core.environment:checking '/home/robo/enzo_ws/rt_ws/src/ros2_rt_eval/install/ros2_rt_eval_dep/lib/pkgconfig/ros2_rt_eval_dep.pc'
[6.675s] Level 1:colcon.colcon_core.environment:checking '/home/robo/enzo_ws/rt_ws/src/ros2_rt_eval/install/ros2_rt_eval_dep/lib/python3.10/site-packages'
[6.675s] Level 1:colcon.colcon_core.environment:checking '/home/robo/enzo_ws/rt_ws/src/ros2_rt_eval/install/ros2_rt_eval_dep/bin'
[6.675s] INFO:colcon.colcon_core.shell:Creating package script '/home/robo/enzo_ws/rt_ws/src/ros2_rt_eval/install/ros2_rt_eval_dep/share/ros2_rt_eval_dep/package.ps1'
[6.676s] INFO:colcon.colcon_core.shell:Creating package descriptor '/home/robo/enzo_ws/rt_ws/src/ros2_rt_eval/install/ros2_rt_eval_dep/share/ros2_rt_eval_dep/package.dsv'
[6.677s] INFO:colcon.colcon_core.shell:Creating package script '/home/robo/enzo_ws/rt_ws/src/ros2_rt_eval/install/ros2_rt_eval_dep/share/ros2_rt_eval_dep/package.sh'
[6.677s] INFO:colcon.colcon_core.shell:Creating package script '/home/robo/enzo_ws/rt_ws/src/ros2_rt_eval/install/ros2_rt_eval_dep/share/ros2_rt_eval_dep/package.bash'
[6.678s] INFO:colcon.colcon_core.shell:Creating package script '/home/robo/enzo_ws/rt_ws/src/ros2_rt_eval/install/ros2_rt_eval_dep/share/ros2_rt_eval_dep/package.zsh'
[6.678s] Level 1:colcon.colcon_core.environment:create_file_with_runtime_dependencies(/home/robo/enzo_ws/rt_ws/src/ros2_rt_eval/install/ros2_rt_eval_dep/share/colcon-core/packages/ros2_rt_eval_dep)
[6.737s] Level 1:colcon.colcon_core.environment:create_environment_scripts_only(ros2_rt_eval_dep)
[6.737s] Level 1:colcon.colcon_core.environment:checking '/home/robo/enzo_ws/rt_ws/src/ros2_rt_eval/install/ros2_rt_eval_dep' for CMake module files
[6.738s] Level 1:colcon.colcon_core.environment:checking '/home/robo/enzo_ws/rt_ws/src/ros2_rt_eval/install/ros2_rt_eval_dep' for CMake config files
[6.738s] Level 1:colcon.colcon_core.shell:create_environment_hook('ros2_rt_eval_dep', 'cmake_prefix_path')
[6.738s] INFO:colcon.colcon_core.shell:Creating environment hook '/home/robo/enzo_ws/rt_ws/src/ros2_rt_eval/install/ros2_rt_eval_dep/share/ros2_rt_eval_dep/hook/cmake_prefix_path.ps1'
[6.739s] INFO:colcon.colcon_core.shell:Creating environment descriptor '/home/robo/enzo_ws/rt_ws/src/ros2_rt_eval/install/ros2_rt_eval_dep/share/ros2_rt_eval_dep/hook/cmake_prefix_path.dsv'
[6.739s] INFO:colcon.colcon_core.shell:Creating environment hook '/home/robo/enzo_ws/rt_ws/src/ros2_rt_eval/install/ros2_rt_eval_dep/share/ros2_rt_eval_dep/hook/cmake_prefix_path.sh'
[6.740s] Level 1:colcon.colcon_core.environment:checking '/home/robo/enzo_ws/rt_ws/src/ros2_rt_eval/install/ros2_rt_eval_dep/lib'
[6.740s] Level 1:colcon.colcon_core.shell:create_environment_hook('ros2_rt_eval_dep', 'ld_library_path_lib')
[6.740s] INFO:colcon.colcon_core.shell:Creating environment hook '/home/robo/enzo_ws/rt_ws/src/ros2_rt_eval/install/ros2_rt_eval_dep/share/ros2_rt_eval_dep/hook/ld_library_path_lib.ps1'
[6.740s] INFO:colcon.colcon_core.shell:Creating environment descriptor '/home/robo/enzo_ws/rt_ws/src/ros2_rt_eval/install/ros2_rt_eval_dep/share/ros2_rt_eval_dep/hook/ld_library_path_lib.dsv'
[6.741s] INFO:colcon.colcon_core.shell:Creating environment hook '/home/robo/enzo_ws/rt_ws/src/ros2_rt_eval/install/ros2_rt_eval_dep/share/ros2_rt_eval_dep/hook/ld_library_path_lib.sh'
[6.741s] Level 1:colcon.colcon_core.environment:checking '/home/robo/enzo_ws/rt_ws/src/ros2_rt_eval/install/ros2_rt_eval_dep/bin'
[6.741s] Level 1:colcon.colcon_core.environment:checking '/home/robo/enzo_ws/rt_ws/src/ros2_rt_eval/install/ros2_rt_eval_dep/lib/pkgconfig/ros2_rt_eval_dep.pc'
[6.741s] Level 1:colcon.colcon_core.environment:checking '/home/robo/enzo_ws/rt_ws/src/ros2_rt_eval/install/ros2_rt_eval_dep/lib/python3.10/site-packages'
[6.742s] Level 1:colcon.colcon_core.environment:checking '/home/robo/enzo_ws/rt_ws/src/ros2_rt_eval/install/ros2_rt_eval_dep/bin'
[6.742s] INFO:colcon.colcon_core.shell:Creating package script '/home/robo/enzo_ws/rt_ws/src/ros2_rt_eval/install/ros2_rt_eval_dep/share/ros2_rt_eval_dep/package.ps1'
[6.742s] INFO:colcon.colcon_core.shell:Creating package descriptor '/home/robo/enzo_ws/rt_ws/src/ros2_rt_eval/install/ros2_rt_eval_dep/share/ros2_rt_eval_dep/package.dsv'
[6.743s] INFO:colcon.colcon_core.shell:Creating package script '/home/robo/enzo_ws/rt_ws/src/ros2_rt_eval/install/ros2_rt_eval_dep/share/ros2_rt_eval_dep/package.sh'
[6.743s] INFO:colcon.colcon_core.shell:Creating package script '/home/robo/enzo_ws/rt_ws/src/ros2_rt_eval/install/ros2_rt_eval_dep/share/ros2_rt_eval_dep/package.bash'
[6.744s] INFO:colcon.colcon_core.shell:Creating package script '/home/robo/enzo_ws/rt_ws/src/ros2_rt_eval/install/ros2_rt_eval_dep/share/ros2_rt_eval_dep/package.zsh'
[6.744s] Level 1:colcon.colcon_core.environment:create_file_with_runtime_dependencies(/home/robo/enzo_ws/rt_ws/src/ros2_rt_eval/install/ros2_rt_eval_dep/share/colcon-core/packages/ros2_rt_eval_dep)
[6.744s] INFO:colcon.colcon_ros.task.ament_cmake.build:Building ROS package in '/home/robo/enzo_ws/rt_ws/src/ros2_rt_eval/ros2_rt_eval' with build type 'ament_cmake'
[6.744s] INFO:colcon.colcon_cmake.task.cmake.build:Building CMake package in '/home/robo/enzo_ws/rt_ws/src/ros2_rt_eval/ros2_rt_eval'
[6.745s] INFO:colcon.colcon_core.shell:Skip shell extension 'powershell' for command environment: Not usable outside of PowerShell
[6.745s] DEBUG:colcon.colcon_core.shell:Skip shell extension 'dsv' for command environment
[6.754s] DEBUG:colcon.colcon_core.event_handler.log_command:Invoking command in '/home/robo/enzo_ws/rt_ws/src/ros2_rt_eval/build/ros2_rt_eval': AMENT_PREFIX_PATH=/home/robo/enzo_ws/rt_ws/src/ros2_rt_eval/install/ros2_rt_eval_dep:${AMENT_PREFIX_PATH} CMAKE_PREFIX_PATH=/home/robo/enzo_ws/rt_ws/src/ros2_rt_eval/install/ros2_rt_eval_dep:/home/robo/enzo_ws/rt_ws/install/ros2_rt_eval:/home/robo/enzo_ws/rt_ws/install/ros2_rt_eval_dep:/opt/ros/humble LD_LIBRARY_PATH=/home/robo/enzo_ws/rt_ws/src/ros2_rt_eval/install/ros2_rt_eval_dep/lib:${LD_LIBRARY_PATH} PYTHONPATH=/home/robo/enzo_ws/rt_ws/src/ros2_rt_eval/install/ros2_rt_eval_dep/local/lib/python3.10/dist-packages:${PYTHONPATH} /usr/bin/cmake /home/robo/enzo_ws/rt_ws/src/ros2_rt_eval/ros2_rt_eval -DCMAKE_INSTALL_PREFIX=/home/robo/enzo_ws/rt_ws/src/ros2_rt_eval/install/ros2_rt_eval
[7.842s] DEBUG:colcon.colcon_core.event_handler.log_command:Invoked command in '/home/robo/enzo_ws/rt_ws/src/ros2_rt_eval/build/ros2_rt_eval' returned '0': AMENT_PREFIX_PATH=/home/robo/enzo_ws/rt_ws/src/ros2_rt_eval/install/ros2_rt_eval_dep:${AMENT_PREFIX_PATH} CMAKE_PREFIX_PATH=/home/robo/enzo_ws/rt_ws/src/ros2_rt_eval/install/ros2_rt_eval_dep:/home/robo/enzo_ws/rt_ws/install/ros2_rt_eval:/home/robo/enzo_ws/rt_ws/install/ros2_rt_eval_dep:/opt/ros/humble LD_LIBRARY_PATH=/home/robo/enzo_ws/rt_ws/src/ros2_rt_eval/install/ros2_rt_eval_dep/lib:${LD_LIBRARY_PATH} PYTHONPATH=/home/robo/enzo_ws/rt_ws/src/ros2_rt_eval/install/ros2_rt_eval_dep/local/lib/python3.10/dist-packages:${PYTHONPATH} /usr/bin/cmake /home/robo/enzo_ws/rt_ws/src/ros2_rt_eval/ros2_rt_eval -DCMAKE_INSTALL_PREFIX=/home/robo/enzo_ws/rt_ws/src/ros2_rt_eval/install/ros2_rt_eval
[7.843s] DEBUG:colcon.colcon_core.event_handler.log_command:Invoking command in '/home/robo/enzo_ws/rt_ws/src/ros2_rt_eval/build/ros2_rt_eval': AMENT_PREFIX_PATH=/home/robo/enzo_ws/rt_ws/src/ros2_rt_eval/install/ros2_rt_eval_dep:${AMENT_PREFIX_PATH} CMAKE_PREFIX_PATH=/home/robo/enzo_ws/rt_ws/src/ros2_rt_eval/install/ros2_rt_eval_dep:/home/robo/enzo_ws/rt_ws/install/ros2_rt_eval:/home/robo/enzo_ws/rt_ws/install/ros2_rt_eval_dep:/opt/ros/humble LD_LIBRARY_PATH=/home/robo/enzo_ws/rt_ws/src/ros2_rt_eval/install/ros2_rt_eval_dep/lib:${LD_LIBRARY_PATH} PYTHONPATH=/home/robo/enzo_ws/rt_ws/src/ros2_rt_eval/install/ros2_rt_eval_dep/local/lib/python3.10/dist-packages:${PYTHONPATH} /usr/bin/cmake --build /home/robo/enzo_ws/rt_ws/src/ros2_rt_eval/build/ros2_rt_eval -- -j8 -l8
[11.900s] DEBUG:colcon.colcon_core.event_handler.log_command:Invoked command in '/home/robo/enzo_ws/rt_ws/src/ros2_rt_eval/build/ros2_rt_eval' returned '0': AMENT_PREFIX_PATH=/home/robo/enzo_ws/rt_ws/src/ros2_rt_eval/install/ros2_rt_eval_dep:${AMENT_PREFIX_PATH} CMAKE_PREFIX_PATH=/home/robo/enzo_ws/rt_ws/src/ros2_rt_eval/install/ros2_rt_eval_dep:/home/robo/enzo_ws/rt_ws/install/ros2_rt_eval:/home/robo/enzo_ws/rt_ws/install/ros2_rt_eval_dep:/opt/ros/humble LD_LIBRARY_PATH=/home/robo/enzo_ws/rt_ws/src/ros2_rt_eval/install/ros2_rt_eval_dep/lib:${LD_LIBRARY_PATH} PYTHONPATH=/home/robo/enzo_ws/rt_ws/src/ros2_rt_eval/install/ros2_rt_eval_dep/local/lib/python3.10/dist-packages:${PYTHONPATH} /usr/bin/cmake --build /home/robo/enzo_ws/rt_ws/src/ros2_rt_eval/build/ros2_rt_eval -- -j8 -l8
[11.921s] DEBUG:colcon.colcon_core.event_handler.log_command:Invoking command in '/home/robo/enzo_ws/rt_ws/src/ros2_rt_eval/build/ros2_rt_eval': AMENT_PREFIX_PATH=/home/robo/enzo_ws/rt_ws/src/ros2_rt_eval/install/ros2_rt_eval_dep:${AMENT_PREFIX_PATH} CMAKE_PREFIX_PATH=/home/robo/enzo_ws/rt_ws/src/ros2_rt_eval/install/ros2_rt_eval_dep:/home/robo/enzo_ws/rt_ws/install/ros2_rt_eval:/home/robo/enzo_ws/rt_ws/install/ros2_rt_eval_dep:/opt/ros/humble LD_LIBRARY_PATH=/home/robo/enzo_ws/rt_ws/src/ros2_rt_eval/install/ros2_rt_eval_dep/lib:${LD_LIBRARY_PATH} PYTHONPATH=/home/robo/enzo_ws/rt_ws/src/ros2_rt_eval/install/ros2_rt_eval_dep/local/lib/python3.10/dist-packages:${PYTHONPATH} /usr/bin/cmake --install /home/robo/enzo_ws/rt_ws/src/ros2_rt_eval/build/ros2_rt_eval
[11.932s] Level 1:colcon.colcon_core.environment:create_environment_scripts_only(ros2_rt_eval)
[11.932s] Level 1:colcon.colcon_core.environment:checking '/home/robo/enzo_ws/rt_ws/src/ros2_rt_eval/install/ros2_rt_eval' for CMake module files
[11.933s] DEBUG:colcon.colcon_core.event_handler.log_command:Invoked command in '/home/robo/enzo_ws/rt_ws/src/ros2_rt_eval/build/ros2_rt_eval' returned '0': AMENT_PREFIX_PATH=/home/robo/enzo_ws/rt_ws/src/ros2_rt_eval/install/ros2_rt_eval_dep:${AMENT_PREFIX_PATH} CMAKE_PREFIX_PATH=/home/robo/enzo_ws/rt_ws/src/ros2_rt_eval/install/ros2_rt_eval_dep:/home/robo/enzo_ws/rt_ws/install/ros2_rt_eval:/home/robo/enzo_ws/rt_ws/install/ros2_rt_eval_dep:/opt/ros/humble LD_LIBRARY_PATH=/home/robo/enzo_ws/rt_ws/src/ros2_rt_eval/install/ros2_rt_eval_dep/lib:${LD_LIBRARY_PATH} PYTHONPATH=/home/robo/enzo_ws/rt_ws/src/ros2_rt_eval/install/ros2_rt_eval_dep/local/lib/python3.10/dist-packages:${PYTHONPATH} /usr/bin/cmake --install /home/robo/enzo_ws/rt_ws/src/ros2_rt_eval/build/ros2_rt_eval
[11.934s] Level 1:colcon.colcon_core.environment:checking '/home/robo/enzo_ws/rt_ws/src/ros2_rt_eval/install/ros2_rt_eval' for CMake config files
[11.934s] Level 1:colcon.colcon_core.shell:create_environment_hook('ros2_rt_eval', 'cmake_prefix_path')
[11.934s] INFO:colcon.colcon_core.shell:Creating environment hook '/home/robo/enzo_ws/rt_ws/src/ros2_rt_eval/install/ros2_rt_eval/share/ros2_rt_eval/hook/cmake_prefix_path.ps1'
[11.935s] INFO:colcon.colcon_core.shell:Creating environment descriptor '/home/robo/enzo_ws/rt_ws/src/ros2_rt_eval/install/ros2_rt_eval/share/ros2_rt_eval/hook/cmake_prefix_path.dsv'
[11.935s] INFO:colcon.colcon_core.shell:Creating environment hook '/home/robo/enzo_ws/rt_ws/src/ros2_rt_eval/install/ros2_rt_eval/share/ros2_rt_eval/hook/cmake_prefix_path.sh'
[11.935s] Level 1:colcon.colcon_core.environment:checking '/home/robo/enzo_ws/rt_ws/src/ros2_rt_eval/install/ros2_rt_eval/lib'
[11.936s] Level 1:colcon.colcon_core.environment:checking '/home/robo/enzo_ws/rt_ws/src/ros2_rt_eval/install/ros2_rt_eval/bin'
[11.936s] Level 1:colcon.colcon_core.environment:checking '/home/robo/enzo_ws/rt_ws/src/ros2_rt_eval/install/ros2_rt_eval/lib/pkgconfig/ros2_rt_eval.pc'
[11.936s] Level 1:colcon.colcon_core.environment:checking '/home/robo/enzo_ws/rt_ws/src/ros2_rt_eval/install/ros2_rt_eval/lib/python3.10/site-packages'
[11.936s] Level 1:colcon.colcon_core.environment:checking '/home/robo/enzo_ws/rt_ws/src/ros2_rt_eval/install/ros2_rt_eval/bin'
[11.936s] INFO:colcon.colcon_core.shell:Creating package script '/home/robo/enzo_ws/rt_ws/src/ros2_rt_eval/install/ros2_rt_eval/share/ros2_rt_eval/package.ps1'
[11.937s] INFO:colcon.colcon_core.shell:Creating package descriptor '/home/robo/enzo_ws/rt_ws/src/ros2_rt_eval/install/ros2_rt_eval/share/ros2_rt_eval/package.dsv'
[11.937s] INFO:colcon.colcon_core.shell:Creating package script '/home/robo/enzo_ws/rt_ws/src/ros2_rt_eval/install/ros2_rt_eval/share/ros2_rt_eval/package.sh'
[11.937s] INFO:colcon.colcon_core.shell:Creating package script '/home/robo/enzo_ws/rt_ws/src/ros2_rt_eval/install/ros2_rt_eval/share/ros2_rt_eval/package.bash'
[11.937s] INFO:colcon.colcon_core.shell:Creating package script '/home/robo/enzo_ws/rt_ws/src/ros2_rt_eval/install/ros2_rt_eval/share/ros2_rt_eval/package.zsh'
[11.938s] Level 1:colcon.colcon_core.environment:create_file_with_runtime_dependencies(/home/robo/enzo_ws/rt_ws/src/ros2_rt_eval/install/ros2_rt_eval/share/colcon-core/packages/ros2_rt_eval)
[11.958s] Level 1:colcon.colcon_core.environment:create_environment_scripts_only(ros2_rt_eval)
[11.958s] Level 1:colcon.colcon_core.environment:checking '/home/robo/enzo_ws/rt_ws/src/ros2_rt_eval/install/ros2_rt_eval' for CMake module files
[11.959s] Level 1:colcon.colcon_core.environment:checking '/home/robo/enzo_ws/rt_ws/src/ros2_rt_eval/install/ros2_rt_eval' for CMake config files
[11.959s] Level 1:colcon.colcon_core.shell:create_environment_hook('ros2_rt_eval', 'cmake_prefix_path')
[11.959s] INFO:colcon.colcon_core.shell:Creating environment hook '/home/robo/enzo_ws/rt_ws/src/ros2_rt_eval/install/ros2_rt_eval/share/ros2_rt_eval/hook/cmake_prefix_path.ps1'
[11.959s] INFO:colcon.colcon_core.shell:Creating environment descriptor '/home/robo/enzo_ws/rt_ws/src/ros2_rt_eval/install/ros2_rt_eval/share/ros2_rt_eval/hook/cmake_prefix_path.dsv'
[11.960s] INFO:colcon.colcon_core.shell:Creating environment hook '/home/robo/enzo_ws/rt_ws/src/ros2_rt_eval/install/ros2_rt_eval/share/ros2_rt_eval/hook/cmake_prefix_path.sh'
[11.960s] Level 1:colcon.colcon_core.environment:checking '/home/robo/enzo_ws/rt_ws/src/ros2_rt_eval/install/ros2_rt_eval/lib'
[11.960s] Level 1:colcon.colcon_core.environment:checking '/home/robo/enzo_ws/rt_ws/src/ros2_rt_eval/install/ros2_rt_eval/bin'
[11.961s] Level 1:colcon.colcon_core.environment:checking '/home/robo/enzo_ws/rt_ws/src/ros2_rt_eval/install/ros2_rt_eval/lib/pkgconfig/ros2_rt_eval.pc'
[11.961s] Level 1:colcon.colcon_core.environment:checking '/home/robo/enzo_ws/rt_ws/src/ros2_rt_eval/install/ros2_rt_eval/lib/python3.10/site-packages'
[11.961s] Level 1:colcon.colcon_core.environment:checking '/home/robo/enzo_ws/rt_ws/src/ros2_rt_eval/install/ros2_rt_eval/bin'
[11.961s] INFO:colcon.colcon_core.shell:Creating package script '/home/robo/enzo_ws/rt_ws/src/ros2_rt_eval/install/ros2_rt_eval/share/ros2_rt_eval/package.ps1'
[11.962s] INFO:colcon.colcon_core.shell:Creating package descriptor '/home/robo/enzo_ws/rt_ws/src/ros2_rt_eval/install/ros2_rt_eval/share/ros2_rt_eval/package.dsv'
[11.962s] INFO:colcon.colcon_core.shell:Creating package script '/home/robo/enzo_ws/rt_ws/src/ros2_rt_eval/install/ros2_rt_eval/share/ros2_rt_eval/package.sh'
[11.962s] INFO:colcon.colcon_core.shell:Creating package script '/home/robo/enzo_ws/rt_ws/src/ros2_rt_eval/install/ros2_rt_eval/share/ros2_rt_eval/package.bash'
[11.963s] INFO:colcon.colcon_core.shell:Creating package script '/home/robo/enzo_ws/rt_ws/src/ros2_rt_eval/install/ros2_rt_eval/share/ros2_rt_eval/package.zsh'
[11.963s] Level 1:colcon.colcon_core.environment:create_file_with_runtime_dependencies(/home/robo/enzo_ws/rt_ws/src/ros2_rt_eval/install/ros2_rt_eval/share/colcon-core/packages/ros2_rt_eval)
[11.963s] DEBUG:colcon.colcon_parallel_executor.executor.parallel:closing loop
[11.964s] DEBUG:colcon.colcon_parallel_executor.executor.parallel:loop closed
[11.964s] DEBUG:colcon.colcon_parallel_executor.executor.parallel:run_until_complete finished with '0'
[11.964s] DEBUG:colcon.colcon_core.event_reactor:joining thread
[11.969s] INFO:colcon.colcon_core.plugin_system:Skipping extension 'colcon_notification.desktop_notification.terminal_notifier': Not used on non-Darwin systems
[11.969s] INFO:colcon.colcon_core.plugin_system:Skipping extension 'colcon_notification.desktop_notification.win32': Not used on non-Windows systems
[11.969s] INFO:colcon.colcon_notification.desktop_notification:Sending desktop notification using 'notify2'
[11.979s] DEBUG:colcon.colcon_core.event_reactor:joined thread
[11.980s] INFO:colcon.colcon_core.shell:Creating prefix script '/home/robo/enzo_ws/rt_ws/src/ros2_rt_eval/install/local_setup.ps1'
[11.980s] INFO:colcon.colcon_core.shell:Creating prefix util module '/home/robo/enzo_ws/rt_ws/src/ros2_rt_eval/install/_local_setup_util_ps1.py'
[11.982s] INFO:colcon.colcon_core.shell:Creating prefix chain script '/home/robo/enzo_ws/rt_ws/src/ros2_rt_eval/install/setup.ps1'
[11.983s] INFO:colcon.colcon_core.shell:Creating prefix script '/home/robo/enzo_ws/rt_ws/src/ros2_rt_eval/install/local_setup.sh'
[11.983s] INFO:colcon.colcon_core.shell:Creating prefix util module '/home/robo/enzo_ws/rt_ws/src/ros2_rt_eval/install/_local_setup_util_sh.py'
[11.983s] INFO:colcon.colcon_core.shell:Creating prefix chain script '/home/robo/enzo_ws/rt_ws/src/ros2_rt_eval/install/setup.sh'
[11.984s] INFO:colcon.colcon_core.shell:Creating prefix script '/home/robo/enzo_ws/rt_ws/src/ros2_rt_eval/install/local_setup.bash'
[11.985s] INFO:colcon.colcon_core.shell:Creating prefix chain script '/home/robo/enzo_ws/rt_ws/src/ros2_rt_eval/install/setup.bash'
[11.986s] INFO:colcon.colcon_core.shell:Creating prefix script '/home/robo/enzo_ws/rt_ws/src/ros2_rt_eval/install/local_setup.zsh'
[11.987s] INFO:colcon.colcon_core.shell:Creating prefix chain script '/home/robo/enzo_ws/rt_ws/src/ros2_rt_eval/install/setup.zsh'
